// Jest Snapshot v1, https://goo.gl/fbAQLP

exports[`createFiles creates specified files 1`] = `
Object {
  "children": Array [
    Object {
      "extension": ".txt",
      "name": "A.txt",
      "path": "data/A.txt",
      "size": 0,
      "type": "file",
    },
    Object {
      "extension": ".txt",
      "name": "B.txt",
      "path": "data/B.txt",
      "size": 0,
      "type": "file",
    },
  ],
  "name": "data",
  "path": "./data",
  "size": 0,
  "type": "directory",
}
`;

exports[`createFiles outputs info about created files 1`] = `
Array [
  Array [
    "Create Files
",
  ],
  Array [
    "createFile: ./data/A.txt
",
  ],
  Array [
    "createFile: ./data/B.txt
",
  ],
  Array [
    "done: ./data/A.txt
",
  ],
  Array [
    "done: ./data/B.txt
",
  ],
  Array [
    "All files created
",
  ],
]
`;
