// Jest Snapshot v1, https://goo.gl/fbAQLP

exports[`app creates specified files 1`] = `
Object {
  "children": Array [
    Object {
      "extension": ".txt",
      "name": "A.txt",
      "path": "data/A.txt",
      "size": 0,
      "type": "file",
    },
    Object {
      "extension": ".txt",
      "name": "B.txt",
      "path": "data/B.txt",
      "size": 0,
      "type": "file",
    },
  ],
  "name": "data",
  "path": "./data",
  "size": 0,
  "type": "directory",
}
`;

exports[`app outputs info about created files 1`] = `
"Create Files
createFile: ./data/A.txt
createFile: ./data/B.txt
done: ./data/A.txt
done: ./data/B.txt
All files created
"
`;
