// Jest Snapshot v1, https://goo.gl/fbAQLP

exports[`app creates specified files 1`] = `
Object {
  "children": Array [],
  "name": "data",
  "path": "./data",
  "size": 0,
  "type": "directory",
}
`;

exports[`app outputs info about created files 1`] = `
"Create Files
createFile: ./data/A.txt
createFile: ./data/B.txt
done: ./data/A.txt
done: ./data/B.txt
All files created
"
`;
